// Jest Snapshot v1, https://goo.gl/fbAQLP

exports[`renders Container correctly 1`] = `
<div
  className="tabs-container"
>
  <button
    className="tab "
    onClick={[Function]}
  >
    1
  </button>
  <button
    className="tab "
    onClick={[Function]}
  >
    2
  </button>
  <button
    className="tab "
    onClick={[Function]}
  >
    3
  </button>
  <button
    className="tab "
    onClick={[Function]}
  >
    4
  </button>
</div>
`;
